liboemcamera.so               		0XA9400000 # 1.17 MB
libvorbisidec.so              		0XAB400000 # 113.22 kB
liblog.so                     		0XAFBC0000 # 13.20 kB
libaudio.so                   		0XAB700000 # 58.95 kB
libgps.so                     		0XA9700000 # 86.37 kB
libomx_mp3dec_sharedlibrary.so		0XA7450000 # 66.40 kB
libopencore_rtspreg.so        		0XA7890000 # 13.85 kB
libomx_amrdec_sharedlibrary.so		0XA76A0000 # 131.64 kB
libopencore_author.so         		0XA7800000 # 316.19 kB
libstdc++.so                  		0XAFD00000 # 5.14 kB
libssl.so                     		0XAF700000 # 148.13 kB
libreference-ril.so           		0XAE000000 # 21.39 kB
libandroid_runtime.so         		0XAD300000 # 968.77 kB
libGLES_android.so            		0XACC80000 # 115.43 kB
libdrm1.so                    		0X9D800000 # 37.35 kB
libsurfaceflinger.so          		0XACD00000 # 170.96 kB
libcrypto.so                  		0XAF500000 # 728.96 kB
libc.so                       		0XAFE00000 # 234.36 kB
librs_jni.so                  		0XABF00000 # 26.77 kB
libsrec_jni.so                		0X9A200000 # 347.23 kB
libopencore_player.so         		0XA7000000 # 843.26 kB
libthread_db.so               		0XAFA00000 # 13.09 kB
libril.so                     		0XAE400000 # 44.52 kB
libexif.so                    		0XAC500000 # 39.84 kB
libpixelflinger.so            		0XACF00000 # 105.25 kB
libEGL.so                     		0XAC700000 # 35.25 kB
libomx_aacdec_sharedlibrary.so		0XA7700000 # 184.53 kB
libacc.so                     		0XAC600000 # 34.04 kB
libexpat.so                   		0XAAB00000 # 86.53 kB
libbluedroid.so               		0XAEA00000 # 5.13 kB
libaes.so                     		0X9DC00000 # 32.90 kB
libaudioflinger.so            		0XAB000000 # 183.59 kB
libutils.so                   		0XA9D00000 # 168.33 kB
libsysutils.so                		0XAF400000 # 17.55 kB
libwebcore.so                 		0XAA000000 # 4.13 MB
libctest.so                   		0X9A700000 # 5.05 kB
libRS.so                      		0XAB900000 # 149.61 kB
libwpa_client.so              		0XADC00000 # 9.27 kB
libskia.so                    		0XAC000000 # 1.27 MB
libnativehelper.so            		0XAD200000 # 214.38 kB
libmedia.so                   		0XAB200000 # 342.07 kB
libbinder.so                  		0XA9D80000 # 162.43 kB
libdvm.so                     		0XAD000000 # 519.94 kB
libsystem_server.so           		0XA9A00000 # 9.57 kB
libomx_m4vdec_sharedlibrary.so		0XA75C0000 # 131.02 kB
libsoundpool.so               		0XAB780000 # 25.89 kB
libhardware.so                		0XA9C70000 # 5.14 kB
libcamera.so                  		0XA9680000 # 71.14 kB
libopencore_mp4localreg.so    		0XA7300000 # 18.17 kB
libopencore_net_support.so    		0XA7A00000 # 203.54 kB
libz.so                       		0XAF900000 # 77.37 kB
libGLESv1_CM.so               		0XACB00000 # 20.92 kB
libsqlite.so                  		0XAAC00000 # 279.96 kB
libbluetoothd.so              		0XAEB00000 # 500.00 kB
libmedia_jni.so               		0XAB300000 # 39.18 kB
libopencore_downloadreg.so    		0XA7B00000 # 13.85 kB
libopencore_download.so       		0XA7B40000 # 89.29 kB
librpc.so                     		0X9A400000 # 25.39 kB
libaudiopolicygeneric.so      		0XAB800000 # 21.70 kB
libdrm1_jni.so                		0X9D400000 # 13.41 kB
libui.so                      		0XAC400000 # 217.95 kB
libicuuc.so                   		0XAD500000 # 795.51 kB
libcutils.so                  		0XAFB00000 # 53.96 kB
libandroid_servers.so         		0XAD900000 # 21.88 kB
libdbus.so                    		0XAE800000 # 142.38 kB
libomx_sharedlibrary.so       		0XA7BA0000 # 87.32 kB
libopencore_common.so         		0XA6000000 # 843.27 kB
libopencorehw.so              		0XA6F50000 # 22.30 kB
libicui18n.so                 		0XAD410000 # 714.71 kB
libbluetooth.so               		0XAE900000 # 60.27 kB
libwsp.so                     		0X99A00000 # 316.23 kB
input.so                      		0XAEC00000 # 21.70 kB
audio.so                      		0XAED00000 # 111.95 kB
libnetutils.so                		0XADB00000 # 21.21 kB
libqcomm_omx.so               		0XA5A00000 # 5.28 kB
libomx_avcdec_sharedlibrary.so		0XA7660000 # 86.04 kB
libm.so                       		0XAFC00000 # 129.02 kB
libwsp_jni.so                 		0X99900000 # 9.34 kB
libopencore_mp4local.so       		0XA7400000 # 146.68 kB
libGLESv2.so                  		0XACA00000 # 16.92 kB
libcameraservice.so           		0XA9C80000 # 53.63 kB
libFFTEm.so                   		0XAB100000 # 193.44 kB
liba2dp.so                    		0XAEE00000 # 53.36 kB
libhardware_legacy.so         		0XA9C00000 # 39.17 kB
libomx_amrenc_sharedlibrary.so		0XA7680000 # 95.24 kB
libsonivox.so                 		0XAB500000 # 330.46 kB
libmediaplayerservice.so      		0XAB280000 # 132.25 kB
libaudiopolicy.so             		0XAB880000 # 33.91 kB
libdl.so                      		0XAFF00000 # 9.00 kB
libopencore_rtsp.so           		0XA7900000 # 453.82 kB
